2026-03-09T23:52:06 INFO [REQUEST] GET / 200 62ms
2026-03-09T23:52:07 INFO [REQUEST] GET /api/auth/me 200 16ms
2026-03-09T23:52:09 INFO [REQUEST] GET /api/status 200 2343ms
2026-03-09T23:52:09 INFO [CLIENT] nav tab=dashboard
2026-03-09T23:52:09 INFO [REQUEST] GET /api/dashboard 200 280ms
2026-03-09T23:52:12 INFO [REQUEST] GET /api/admin/overview 200 546ms
2026-03-09T23:54:20 INFO [REQUEST] POST /api/admin/backfill-spotify-ids 200 99875ms
2026-03-09T23:54:20 INFO [CLIENT] nav tab=top-artists
2026-03-09T23:54:20 INFO [REQUEST] GET /api/top-artists 200 30ms
2026-03-09T23:54:29 INFO [REQUEST] GET /api/admin/overview 200 312ms
2026-03-09T23:54:38 INFO [CLIENT] nav tab=dashboard
2026-03-09T23:54:39 INFO [REQUEST] GET /api/dashboard 200 312ms
2026-03-09T23:54:48 INFO [CLIENT] nav tab=top-artists
2026-03-09T23:54:49 INFO [REQUEST] GET /api/habits 200 30ms
2026-03-09T23:54:49 INFO [REQUEST] GET /api/timeline 200 30ms
2026-03-09T23:54:49 INFO [REQUEST] GET /api/dashboard 200 46ms
2026-03-09T23:54:49 INFO [REQUEST] GET /api/top-tracks 200 46ms
2026-03-09T23:54:49 INFO [REQUEST] GET /api/top-artists 200 62ms
2026-03-09T23:54:49 INFO [REQUEST] GET /api/top-albums 200 62ms
2026-03-09T23:55:06 INFO [CLIENT] nav tab=top-artists
2026-03-09T23:55:06 INFO [REQUEST] GET /api/habits 200 296ms
2026-03-09T23:55:06 INFO [REQUEST] GET /api/top-artists 200 391ms
2026-03-09T23:55:06 INFO [REQUEST] GET /api/top-albums 200 391ms
2026-03-09T23:55:07 INFO [REQUEST] GET /api/timeline 200 578ms
2026-03-09T23:55:07 INFO [REQUEST] GET /api/dashboard 200 641ms
2026-03-09T23:55:07 INFO [REQUEST] GET /api/top-tracks 200 625ms
2026-03-10T00:10:37 INFO [REQUEST] GET / 200 32ms
2026-03-10T00:10:37 INFO [REQUEST] GET /api/auth/me 200 15ms
2026-03-10T00:10:39 INFO [REQUEST] GET /api/status 200 1828ms
2026-03-10T00:10:39 INFO [CLIENT] nav tab=dashboard
2026-03-10T00:10:39 INFO [REQUEST] GET /api/dashboard 200 280ms
2026-03-10T00:12:56 INFO [FEEDBACK] rating=2 message=Test
2026-03-10T00:12:56 INFO [REQUEST] POST /api/feedback 200 0ms
2026-03-10T00:13:20 INFO [REQUEST] GET /api/admin/overview 200 312ms
2026-03-10T00:13:22 INFO [REQUEST] GET /api/admin/logs/download 200 0ms
